// Jest Snapshot v1, https://goo.gl/fbAQLP

exports[`<NotFound404 /> - Snapshot matches its snapshot 1`] = `
<div
  className="container margin-top-small"
>
  <HelmetWrapper
    defer={true}
    encodeSpecialCharacters={true}
  >
    <title>
      Not Found
    </title>
  </HelmetWrapper>
  <h1>
    404
  </h1>
  <p>
    Oops! Nothing here :(
  </p>
</div>
`;
