// Jest Snapshot v1, https://goo.gl/fbAQLP

exports[`<App /> - Snapshot matches its snapshot 1`] = `
<div
  className="App"
>
  <HelmetWrapper
    defer={true}
    encodeSpecialCharacters={true}
    titleTemplate="niru | %s"
  >
    <html
      lang="en"
    />
    <title
      itemProp="name"
      lang="en"
    />
    <meta
      content="Universal fullstack boilerplate"
      name="description"
    />
  </HelmetWrapper>
  <Header />
  <main
    className="page-content relative overflow-hidden"
  >
    <Switch>
      <Route
        exact={true}
        key="0"
        path="/"
        render={[Function]}
      />
      <Route
        key="1"
        path="/about"
        render={[Function]}
      />
      <Route
        key="2"
        path="/styleguide"
        render={[Function]}
      />
      <Route
        key="3"
        path="*"
        render={[Function]}
      />
    </Switch>
  </main>
  <Footer />
</div>
`;
